
  .   ____          _            __ _ _
 /\\ / ___'_ __ _ _(_)_ __  __ _ \ \ \ \
( ( )\___ | '_ | '_| | '_ \/ _` | \ \ \ \
 \\/  ___)| |_)| | | | | || (_| |  ) ) ) )
  '  |____| .__|_| |_|_| |_\__, | / / / /
 =========|_|==============|___/=/_/_/_/
 :: Spring Boot ::               (v2.7.18)

2026-04-18 00:34:07.067  INFO 22904 --- [           main] com.fine.MesApplication                  : Starting MesApplication using Java 1.8.0_192 on davidsun with PID 22904 (E:\java\MES\target\MES-0.0.1-SNAPSHOT.jar started by Administrator in E:\java\MES)
2026-04-18 00:34:07.072  INFO 22904 --- [           main] com.fine.MesApplication                  : No active profile set, falling back to 1 default profile: "default"
2026-04-18 00:34:08.839  INFO 22904 --- [           main] .s.d.r.c.RepositoryConfigurationDelegate : Multiple Spring Data modules found, entering strict repository configuration mode
2026-04-18 00:34:08.843  INFO 22904 --- [           main] .s.d.r.c.RepositoryConfigurationDelegate : Bootstrapping Spring Data Redis repositories in DEFAULT mode.
2026-04-18 00:34:08.893  INFO 22904 --- [           main] .s.d.r.c.RepositoryConfigurationDelegate : Finished Spring Data repository scanning in 33 ms. Found 0 Redis repository interfaces.
2026-04-18 00:34:10.882  INFO 22904 --- [           main] o.s.b.w.embedded.tomcat.TomcatWebServer  : Tomcat initialized with port(s): 8090 (http)
2026-04-18 00:34:10.897  INFO 22904 --- [           main] o.apache.catalina.core.StandardService   : Starting service [Tomcat]
2026-04-18 00:34:10.897  INFO 22904 --- [           main] org.apache.catalina.core.StandardEngine  : Starting Servlet engine: [Apache Tomcat/9.0.83]
2026-04-18 00:34:11.073  INFO 22904 --- [           main] o.a.c.c.C.[Tomcat].[localhost].[/]       : Initializing Spring embedded WebApplicationContext
2026-04-18 00:34:11.074  INFO 22904 --- [           main] w.s.c.ServletWebServerApplicationContext : Root WebApplicationContext: initialization completed in 3931 ms
Logging initialized using 'class org.apache.ibatis.logging.stdout.StdOutImpl' adapter.
Registered plugin: 'com.baomidou.mybatisplus.extension.plugins.MybatisPlusInterceptor@535779e4'
Parsed mapper file: 'class path resource [mapper/customer/CustomerMaterialStatsMapper.xml]'
Parsed mapper file: 'class path resource [mapper/customer/CustomerTransactionSummaryMapper.xml]'
Parsed mapper file: 'class path resource [mapper/CustomerMapper.xml]'
Parsed mapper file: 'class path resource [mapper/inventory/OrderMaterialLockMapper.xml]'
Parsed mapper file: 'class path resource [mapper/production/MaterialBasePriceMapper.xml]'
Parsed mapper file: 'class path resource [mapper/production/QualityInspectionMapper.xml]'
Parsed mapper file: 'class path resource [mapper/production/ScheduleApprovalLogMapper.xml]'
Parsed mapper file: 'class path resource [mapper/production/SchedulePrintingMapper.xml]'
Parsed mapper file: 'class path resource [mapper/production/UrgentOrderLogMapper.xml]'
Parsed mapper file: 'class path resource [mapper/quality/QualityInspectionRecordMapper.xml]'
Parsed mapper file: 'class path resource [mapper/stock/ChemicalStockDetailMapper.xml]'
Parsed mapper file: 'class path resource [mapper/stock/ChemicalStockMapper.xml]'
Parsed mapper file: 'class path resource [mapper/stock/ChemicalStockOutMapper.xml]'
Parsed mapper file: 'class path resource [mapper/stock/FilmStockDetailMapper.xml]'
Parsed mapper file: 'class path resource [mapper/stock/FilmStockMapper.xml]'
Parsed mapper file: 'class path resource [mapper/stock/FilmStockOutMapper.xml]'
2026-04-18 00:34:14.998  INFO 22904 --- [           main] com.zaxxer.hikari.HikariDataSource       : HikariPool-1 - Starting...
2026-04-18 00:34:15.563  INFO 22904 --- [           main] com.zaxxer.hikari.HikariDataSource       : HikariPool-1 - Start completed.
[com.fine.Dao.production.ScheduleOrderItemMapper.insert] Has been loaded by XML or SqlProvider or Mybatis's Annotation, so ignoring this injection for [class com.baomidou.mybatisplus.core.injector.methods.Insert]
[com.fine.Dao.production.ScheduleOrderItemMapper.selectPage] Has been loaded by XML or SqlProvider or Mybatis's Annotation, so ignoring this injection for [class com.baomidou.mybatisplus.core.injector.methods.SelectPage]
[com.fine.Dao.production.ScheduleOrderItemMapper.selectById] Has been loaded by XML or SqlProvider or Mybatis's Annotation, so ignoring this injection for [class com.baomidou.mybatisplus.core.injector.methods.SelectById]
[com.fine.Dao.production.ScheduleCoatingMapper.insert] Has been loaded by XML or SqlProvider or Mybatis's Annotation, so ignoring this injection for [class com.baomidou.mybatisplus.core.injector.methods.Insert]
[com.fine.Dao.production.ScheduleCoatingMapper.update] Has been loaded by XML or SqlProvider or Mybatis's Annotation, so ignoring this injection for [class com.baomidou.mybatisplus.core.injector.methods.Update]
[com.fine.Dao.production.ScheduleCoatingMapper.selectPage] Has been loaded by XML or SqlProvider or Mybatis's Annotation, so ignoring this injection for [class com.baomidou.mybatisplus.core.injector.methods.SelectPage]
[com.fine.Dao.production.ScheduleRewindingMapper.insert] Has been loaded by XML or SqlProvider or Mybatis's Annotation, so ignoring this injection for [class com.baomidou.mybatisplus.core.injector.methods.Insert]
[com.fine.Dao.production.ScheduleRewindingMapper.update] Has been loaded by XML or SqlProvider or Mybatis's Annotation, so ignoring this injection for [class com.baomidou.mybatisplus.core.injector.methods.Update]
[com.fine.Dao.production.ScheduleRewindingMapper.selectPage] Has been loaded by XML or SqlProvider or Mybatis's Annotation, so ignoring this injection for [class com.baomidou.mybatisplus.core.injector.methods.SelectPage]
[com.fine.Dao.production.ScheduleRewindingMapper.selectById] Has been loaded by XML or SqlProvider or Mybatis's Annotation, so ignoring this injection for [class com.baomidou.mybatisplus.core.injector.methods.SelectById]
[com.fine.Dao.production.ScheduleSlittingMapper.insert] Has been loaded by XML or SqlProvider or Mybatis's Annotation, so ignoring this injection for [class com.baomidou.mybatisplus.core.injector.methods.Insert]
[com.fine.Dao.production.ScheduleSlittingMapper.update] Has been loaded by XML or SqlProvider or Mybatis's Annotation, so ignoring this injection for [class com.baomidou.mybatisplus.core.injector.methods.Update]
[com.fine.Dao.production.ScheduleSlittingMapper.selectPage] Has been loaded by XML or SqlProvider or Mybatis's Annotation, so ignoring this injection for [class com.baomidou.mybatisplus.core.injector.methods.SelectPage]
[com.fine.Dao.production.ScheduleSlittingMapper.selectById] Has been loaded by XML or SqlProvider or Mybatis's Annotation, so ignoring this injection for [class com.baomidou.mybatisplus.core.injector.methods.SelectById]
[com.fine.Dao.production.ScheduleStrippingMapper.insert] Has been loaded by XML or SqlProvider or Mybatis's Annotation, so ignoring this injection for [class com.baomidou.mybatisplus.core.injector.methods.Insert]
[com.fine.Dao.production.ScheduleStrippingMapper.update] Has been loaded by XML or SqlProvider or Mybatis's Annotation, so ignoring this injection for [class com.baomidou.mybatisplus.core.injector.methods.Update]
[com.fine.Dao.production.ScheduleStrippingMapper.selectPage] Has been loaded by XML or SqlProvider or Mybatis's Annotation, so ignoring this injection for [class com.baomidou.mybatisplus.core.injector.methods.SelectPage]
[com.fine.Dao.production.ScheduleStrippingMapper.selectById] Has been loaded by XML or SqlProvider or Mybatis's Annotation, so ignoring this injection for [class com.baomidou.mybatisplus.core.injector.methods.SelectById]
[com.fine.Dao.stock.StockFlowLogMapper.selectPage] Has been loaded by XML or SqlProvider or Mybatis's Annotation, so ignoring this injection for [class com.baomidou.mybatisplus.core.injector.methods.SelectPage]
This primary key of "id" is primitive !不建议如此请使用包装类 in Class: "com.fine.modle.Tape"
This primary key of "quotationDetailId" is primitive !不建议如此请使用包装类 in Class: "com.fine.modle.QuotationDetail"
[com.fine.Dao.QuotationDetailsMapper.selectList] Has been loaded by XML or SqlProvider or Mybatis's Annotation, so ignoring this injection for [class com.baomidou.mybatisplus.core.injector.methods.SelectList]
[com.fine.Dao.stock.MaterialIssueOrderMapper.selectPage] Has been loaded by XML or SqlProvider or Mybatis's Annotation, so ignoring this injection for [class com.baomidou.mybatisplus.core.injector.methods.SelectPage]
This primary key of "id" is primitive !不建议如此请使用包装类 in Class: "com.fine.modle.TapeInventory"
Can not find table primary key in Class: "com.fine.modle.TapeMin".
2026-04-18 00:34:18.221  WARN 22904 --- [           main] c.b.m.core.injector.DefaultSqlInjector   : class com.fine.modle.TapeMin ,Not found @TableId annotation, Cannot use Mybatis-Plus 'xxById' Method.
2026-04-18 00:34:18.766  INFO 22904 --- [           main] o.s.b.a.e.web.EndpointLinksResolver      : Exposing 1 endpoint(s) beneath base path '/actuator'
2026-04-18 00:34:19.016  INFO 22904 --- [           main] o.s.s.web.DefaultSecurityFilterChain     : Will secure any request with [org.springframework.security.web.session.DisableEncodeUrlFilter@28a2a3e7, org.springframework.security.web.context.request.async.WebAsyncManagerIntegrationFilter@3f2049b6, org.springframework.security.web.context.SecurityContextPersistenceFilter@50b8ae8d, org.springframework.security.web.header.HeaderWriterFilter@4d157787, org.springframework.web.filter.CorsFilter@5be46f9d, org.springframework.security.web.authentication.logout.LogoutFilter@62c5bbdc, com.fine.filler.JwtAuthenticationTokenFilter@6239aba6, org.springframework.security.web.authentication.UsernamePasswordAuthenticationFilter@2fa7ae9, org.springframework.security.web.savedrequest.RequestCacheAwareFilter@51c929ae, org.springframework.security.web.servletapi.SecurityContextHolderAwareRequestFilter@29d2d081, org.springframework.security.web.authentication.AnonymousAuthenticationFilter@10b3df93, org.springframework.security.web.session.SessionManagementFilter@3228d990, org.springframework.security.web.access.ExceptionTranslationFilter@6ebd78d1, org.springframework.security.web.access.intercept.AuthorizationFilter@160c3ec1]
2026-04-18 00:34:19.615  WARN 22904 --- [           main] ConfigServletWebServerApplicationContext : Exception encountered during context initialization - cancelling refresh attempt: org.springframework.context.ApplicationContextException: Failed to start bean 'webServerStartStop'; nested exception is org.springframework.boot.web.server.PortInUseException: Port 8090 is already in use
2026-04-18 00:34:19.667  INFO 22904 --- [           main] com.zaxxer.hikari.HikariDataSource       : HikariPool-1 - Shutdown initiated...
2026-04-18 00:34:19.685  INFO 22904 --- [           main] com.zaxxer.hikari.HikariDataSource       : HikariPool-1 - Shutdown completed.
2026-04-18 00:34:19.690  INFO 22904 --- [           main] o.apache.catalina.core.StandardService   : Stopping service [Tomcat]
2026-04-18 00:34:19.711  INFO 22904 --- [           main] ConditionEvaluationReportLoggingListener : 

Error starting ApplicationContext. To display the conditions report re-run your application with 'debug' enabled.
2026-04-18 00:34:19.738 ERROR 22904 --- [           main] o.s.b.d.LoggingFailureAnalysisReporter   : 

***************************
APPLICATION FAILED TO START
***************************

Description:

Web server failed to start. Port 8090 was already in use.

Action:

Identify and stop the process that's listening on port 8090 or configure this application to listen on another port.

